[turobozperm.ru/index.html]
[backblue.gif]
[fade.gif]
[index.html]
[turobozperm.ru/_st/my.css]
[turobozperm.ru/fonts/iconic_fill.css]
[turobozperm.ru/.s/src/base.css]
[turobozperm.ru/.s/src/layer7.css]
[turobozperm.ru/.s/src/ulightbox/ulightbox.css]
[turobozperm.ru/.s/src/jquery-1.7.2.js]
[turobozperm.ru/.s/src/social.css]
[turobozperm.ru/.s/src/ulightbox/ulightbox.js]
[turobozperm.ru/_bd/1/s82008541.jpg]
[turobozperm.ru/board/1/ehkskursija_djagilevy_v_permi_avtobusnaja_2_chasa/2-1-0-148.html]
[turobozperm.ru/_bd/1/s63019381.jpg]
[turobozperm.ru/board/1/obzornaja_ehkskursija_po_permi_leningrad_i_molotov_ehvakuacija_v_gody_vov/2-1-0-147.html]
[turobozperm.ru/board/ekskursii_po_gorodam_prikam/kupecheskij_gorod_kungur_kungurskaja_ledjanaja_peshhera/7-1-0-146.html]
[turobozperm.ru/_bd/1/s93381450.jpg]
[turobozperm.ru/.s/src/uwndc81e.js]
[turobozperm.ru/_bd/1/s12880990.jpg]
[turobozperm.ru/board/ekskursii_po_gorodam_prikam/ehkskursija_kama_reka_i_ejo_berega_ehtnograficheskij_muzej_derevjannogo_zodchestva_khokhlovka/7-1-0-145.html]
[turobozperm.ru/_bd/1/s28118219.jpg]
[turobozperm.ru/board/1/avtobusnaja_ehkskursija_po_mestam_slavy/2-1-0-144.html]
[turobozperm.ru/board/1/mirovye_pirogi_master_klass_po_prigotovleniju_pirogov/5-1-0-136.html]
[turobozperm.ru/_bd/1/s19367695.jpg]
[turobozperm.ru/board/1/ehkskursija_na_konditerskuju_fabriku_permskaja/5-1-0-128.html]
[turobozperm.ru/_bd/1/s34721089.jpg]
[turobozperm.ru/js/autoresize.js]
[turobozperm.ru/news/novosti/1-0-1.html]
[turobozperm.ru/news/ehksursii_v_ramkakh_mezhdunarodnogo_festivalja_djagilevskie_sezony_v_permi/2016-06-16-37.html]
[turobozperm.ru/news/master_klassy_po_kulinarii_v_permi/2015-12-13-35.html]
[turobozperm.ru/board/index.html]
[turobozperm.ru/news/akcii/1-0-3.html]
[turobozperm.ru/news/novinka_tur_vykhodnogo_dnja_joshkar_ola_kazan_akvapark_iz_permi/2015-11-10-34.html]
[turobozperm.ru/news/kuda_poekhat_na_novyj_god_iz_permi/2015-11-10-33.html]
[turobozperm.ru/news/interesnye_programmy_dlja_vypusknogo_vypusknoj_dlja_shkol_permi/2015-04-07-30.html]
[turobozperm.ru/news/novye_razdely_sajta/2015-04-07-29.html]
[turobozperm.ru/news/informacija/1-0-2.html]
[turobozperm.ru/news/ehkskursii_posvjashhennye_dnju_pobedy/2015-02-11-27.html]
[turobozperm.ru/news/u_permskogo_kraja_novyj_logotip/2014-10-20-26.html]
[turobozperm.ru/news/v_novyj_uchebnyj_god_s_novymi_ehkskursijami/2014-09-12-25.html]
[turobozperm.ru/news/59_festivalej_59_regiona/2014-06-26-23.html]
[turobozperm.ru/index/0-2.html]
[turobozperm.ru/index/0-6.html]
[turobozperm.ru/index/0-3.html]
[turobozperm.ru/gb.html]
[turobozperm.ru/board/ehkskursii_dlja_shkolnikov/1.html]
[turobozperm.ru/icons/math.png]
[turobozperm.ru/icons/City-icon.png]
[turobozperm.ru/board/1/2.html]
[turobozperm.ru/board/avtorskie_ehkskursii/3.html]
[turobozperm.ru/icons/logo.png]
[turobozperm.ru/board/prazdnichnye_tury/4.html]
[turobozperm.ru/icons/balloons.png]
[turobozperm.ru/board/1/5.html]
[turobozperm.ru/icons/chef-icon.png]
[turobozperm.ru/board/tury_vykhodnogo_dnja/6.html]
[turobozperm.ru/icons/calendar.png]
[turobozperm.ru/board/ekskursii_po_gorodam_prikam/7.html]
[turobozperm.ru/icons/bus-icon.png]
[turobozperm.ru/board/ehkskursii_po_svjatym_mestam/8.html]
[turobozperm.ru/icons/angel.png]
[turobozperm.ru/icons/gerb.png]
[turobozperm.ru/board/ehkskursii_po_rossii/9.html]
[turobozperm.ru/board/zarubezhnye_tury/10.html]
[turobozperm.ru/icons/business_users.png]
[turobozperm.ru/.s/img/ma/m/i3.gif]
[turobozperm.ru/_nw/0/43167274.png]
[turobozperm.ru/news/index.html]
[turobozperm.ru/board/1/master_klass_po_izgotovleniju_rybnogo_piroga/5-1-0-137.html]
[turobozperm.ru/board/tury_vykhodnogo_dnja/1/6-1-0-59.html]
[turobozperm.ru/board/prazdnichnye_tury/novogodnij_tur_v_velikij_ustjug_iz_permi_na_avtobuse/4-1-0-135.html]
[turobozperm.ru/board/ehkskursii_dlja_shkolnikov/1/1-1-0-20.html]
[turobozperm.ru/board/zarubezhnye_tury/programma_stiljazhnaja_!--]
[turobozperm.ru/Exkursii_k_70-letiyu_Pobedy.docx]
[turobozperm.ru/board/1/graffiti_master_klass_dlja_detej_i_vzroslykh/5-1-0-102.html]
[turobozperm.ru/board/ehkskursii_dlja_shkolnikov/shlem_batyra_ehkskursija_v_bash_kultaevo/1-1-0-103.html]
[turobozperm.ru/board/zarubezhnye_tury/trassa_formula_oka_avtodrom/10-1-0-44.html]
[turobozperm.ru/board/1/pizhamnaja_vecherinka_programma_domashnego_ujuta__!--]
[turobozperm.ru/index.html]
[turobozperm.ru/news/index87da.html]
[turobozperm.ru/admin.html]
[turobozperm.ru/mail/index.html]
[turobozperm.ru/img/diz/bg3.jpg]
[turobozperm.ru/img/diz/h1-icon.png]
[turobozperm.ru/img/diz/header.jpg]
[turobozperm.ru/img/diz/footer.5b.delayed]
[turobozperm.ru/img/diz/contacts-bg.png]
[turobozperm.ru/img/diz/lefter-bg.png]
[turobozperm.ru/img/diz/logo.png]
[turobozperm.ru/.s/t/788/1.png]
[turobozperm.ru/.s/t/788/2.jpg]
[turobozperm.ru/.s/t/788/3.png]
[turobozperm.ru/.s/t/788/4.gif]
[turobozperm.ru/.s/t/788/5.gif]
[turobozperm.ru/.s/t/788/6.gif]
[turobozperm.ru/_st/my.css]
[turobozperm.ru/.s/t/788/8.jpg]
[turobozperm.ru/fonts/iconic_fill.eot]
[turobozperm.ru/fonts/iconic_filld41d.eot]
[turobozperm.ru/fonts/iconic_fill.ttf]
[turobozperm.ru/fonts/modernpics.eot]
[turobozperm.ru/fonts/modernpics.woff]
[turobozperm.ru/fonts/modernpics.ttf]
[turobozperm.ru/fonts/iconic_fill.css]
[turobozperm.ru/.s/src/base.css]
[turobozperm.ru/.s/img/wd/7/ar1.gif]
[turobozperm.ru/.s/img/icon/32/sms.png]
[turobozperm.ru/.s/img/wd/7/discuse.gif]
[turobozperm.ru/.s/img/wd/7/tool-sprites.gif]
[turobozperm.ru/.s/src/panel-v2/img/del_icon_off.png]
[turobozperm.ru/.s/src/panel-v2/img/del_icon.png]
[turobozperm.ru/.s/src/panel-v2/img/min_icon_off.png]
[turobozperm.ru/.s/src/panel-v2/img/min_icon.png]
[turobozperm.ru/.s/src/panel-v2/img/max_icon_off.png]
[turobozperm.ru/.s/src/panel-v2/img/max_icon.png]
[turobozperm.ru/.s/img/wd/6/ajax.gif]
[turobozperm.ru/.s/img/1px.gif]
[turobozperm.ru/.s/img/icons/icon_sel.svg]
[turobozperm.ru/.s/img/wd/7/ajaxsb.gif]
[turobozperm.ru/.s/img/wd/6/li.png]
[turobozperm.ru/.s/img/wd/7/ajax.gif]
[turobozperm.ru/.s/img/wd/7/ajaxs.gif]
[turobozperm.ru/.s/src/panel-v2/img/check_new.png]
[turobozperm.ru/.s/img/wd/7/gridh.gif]
[turobozperm.ru/.s/img/wd/7/scroll-left.gif]
[turobozperm.ru/.s/img/wd/7/scroll-right.gif]
[turobozperm.ru/.s/img/wd/7/tabs-sprite.gif]
[turobozperm.ru/.s/src/panel-v2/img/select_arrow.png]
[turobozperm.ru/.s/img/wd/7/cmp-bg.gif]
[turobozperm.ru/.s/img/icon/ajsml.gif]
[turobozperm.ru/.s/img/wd/7/sb.gif]
[turobozperm.ru/.s/img/icon/pm.gif]
[turobozperm.ru/.s/img/wd/7/c.png]
[turobozperm.ru/.s/src/ulightbox/fancybox_sprite.png]
[turobozperm.ru/.s/src/layer7.css]
[turobozperm.ru/.s/img/icon/refresh.png]
[turobozperm.ru/.s/src/ulightbox/fancybox_loading.gif]
[turobozperm.ru/.s/src/ulightbox/blank.gif]
[turobozperm.ru/.s/src/ulightbox/ulightbox.css]
[turobozperm.ru/.s/src/ulightbox/fancybox_buttons.png]
[turobozperm.ru/.s/src/social.css]
[turobozperm.ru/board/1/ehkskursija_djagilevy_v_permi_avtobusnaja_2_chasa/2-1-0-148.html]
[turobozperm.ru/board/0-0-0-148-13.html]
[turobozperm.ru/board/1/obzornaja_ehkskursija_po_permi_leningrad_i_molotov_ehvakuacija_v_gody_vov/2-1-0-147.html]
[turobozperm.ru/board/0-0-0-147-13.html]
[turobozperm.ru/board/ekskursii_po_gorodam_prikam/kupecheskij_gorod_kungur_kungurskaja_ledjanaja_peshhera/7-1-0-146.html]
[turobozperm.ru/board/0-0-0-146-13.html]
[turobozperm.ru/board/ekskursii_po_gorodam_prikam/ehkskursija_kama_reka_i_ejo_berega_ehtnograficheskij_muzej_derevjannogo_zodchestva_khokhlovka/7-1-0-145.html]
[turobozperm.ru/board/0-0-0-145-13.html]
[turobozperm.ru/board/1/avtobusnaja_ehkskursija_po_mestam_slavy/2-1-0-144.html]
[turobozperm.ru/board/0-0-0-144-13.html]
[turobozperm.ru/board/1/mirovye_pirogi_master_klass_po_prigotovleniju_pirogov/5-1-0-136.html]
[turobozperm.ru/board/0-0-0-136-13.html]
[turobozperm.ru/board/1/ehkskursija_na_konditerskuju_fabriku_permskaja/5-1-0-128.html]
[turobozperm.ru/board/0-0-0-128-13.html]
[turobozperm.ru/_bd/1/82008541.jpg]
[turobozperm.ru/board/index87da.html]
[turobozperm.ru/_bd/1/63019381.jpg]
[turobozperm.ru/_bd/1/93381450.jpg]
[turobozperm.ru/board/indexdc45.html]
[turobozperm.ru/_bd/1/12880990.jpg]
[turobozperm.ru/board/index3883.html]
[turobozperm.ru/_bd/1/28118219.jpg]
[turobozperm.ru/board/tury_vykhodnogo_dnja/izhevsk_stolica_udmurtii_zoopark/6-1-0-143.html]
[turobozperm.ru/board/indexd633.html]
[turobozperm.ru/_bd/1/25608692.jpg]
[turobozperm.ru/board/prazdnichnye_tury/mezhdunarodnaja_zhenskaja_maslenica/4-1-0-142.html]
[turobozperm.ru/_bd/1/70360971.jpg]
[turobozperm.ru/board/prazdnichnye_tury/kamennyj_gorod_ryba_kopchenaja_glintvejn_obed_zhenshhinam_besplatno/4-1-0-141.html]
[turobozperm.ru/_bd/1/45865566.jpg]
[turobozperm.ru/board/1/master_klass_francuzskij_pirog_kish/5-1-0-140.html]
[turobozperm.ru/_bd/1/63824415.jpg]
[turobozperm.ru/board/ekskursii_po_gorodam_prikam/kungurskaja_peshhera_podzemnyj_labirint_ili_tajny_starogo_shamana/7-1-0-139.html]
[turobozperm.ru/_bd/1/50164776.jpg]
[turobozperm.ru/board/index.html]
[turobozperm.ru/news/novosti/1-0-1.html]
[turobozperm.ru/news/0-0-0-37-10.html]
[turobozperm.ru/news/2016-00.html]
[turobozperm.ru/news/2016-06.html]
[turobozperm.ru/news/ehksursii_v_ramkakh_mezhdunarodnogo_festivalja_djagilevskie_sezony_v_permi/2016-06-16-37.html]
[turobozperm.ru/news/2016-06-16.html]
[turobozperm.ru/news/0-0-0-35-10.html]
[turobozperm.ru/news/2015-00.html]
[turobozperm.ru/news/2015-12.html]
[turobozperm.ru/news/master_klassy_po_kulinarii_v_permi/2015-12-13-35.html]
[turobozperm.ru/news/2015-12-13.html]
[turobozperm.ru/news/1/2013-08-23-1.html]
[turobozperm.ru/news/akcii/1-0-3.html]
[turobozperm.ru/katalogschool.pdf]
[turobozperm.ru/news/0-0-0-34-10.html]
[turobozperm.ru/news/2015-11.html]
[turobozperm.ru/news/novinka_tur_vykhodnogo_dnja_joshkar_ola_kazan_akvapark_iz_permi/2015-11-10-34.html]
[turobozperm.ru/news/2015-11-10.html]
[turobozperm.ru/news/kuda_poekhat_na_novyj_god_iz_permi/2015-11-10-33.html]
[turobozperm.ru/news/0-0-0-33-10.html]
[turobozperm.ru/news/0-0-0-30-10.html]
[turobozperm.ru/news/2015-04.html]
[turobozperm.ru/news/2015-04-07.html]
[turobozperm.ru/board/zarubezhnye_tury/programma_stiljazhnaja_vecherinka/10-1-0-105.html]
[turobozperm.ru/news/interesnye_programmy_dlja_vypusknogo_vypusknoj_dlja_shkol_permi/2015-04-07-30.html]
[turobozperm.ru/board/zarubezhnye_tury/pizhamnaja_vecherinka_programma_domashnego_ujuta_i_vechernego_nastroenija/10-1-0-104.html]
[turobozperm.ru/news/novye_razdely_sajta/2015-04-07-29.html]
[turobozperm.ru/news/informacija/1-0-2.html]
[turobozperm.ru/news/0-0-0-29-10.html]
[turobozperm.ru/news/0-0-0-27-10.html]
[turobozperm.ru/news/2015-02.html]
[turobozperm.ru/news/ehkskursii_posvjashhennye_dnju_pobedy/2015-02-11-27.html]
[turobozperm.ru/news/2015-02-11.html]
[turobozperm.ru/news/0-0-0-26-10.html]
[turobozperm.ru/news/2014-00.html]
[turobozperm.ru/news/2014-10.html]
[turobozperm.ru/news/u_permskogo_kraja_novyj_logotip/2014-10-20-26.html]
[turobozperm.ru/news/2014-10-20.html]
[turobozperm.ru/news/0-0-0-25-10.html]
[turobozperm.ru/news/2014-09.html]
[turobozperm.ru/news/2014-09-12.html]
[turobozperm.ru/news/v_novyj_uchebnyj_god_s_novymi_ehkskursijami/2014-09-12-25.html]
[turobozperm.ru/news/0-0-0-23-10.html]
[turobozperm.ru/news/2014-06.html]
[turobozperm.ru/news/59_festivalej_59_regiona/2014-06-26-23.html]
[turobozperm.ru/index/0-2.html]
[turobozperm.ru/index/0-6.html]
[turobozperm.ru/index/0-3.html]
[turobozperm.ru/news/2014-06-26.html]
[turobozperm.ru/secure/indexfb73.html]
[turobozperm.ru/.s/img/fr/EmnAjax.gif]
[turobozperm.ru/.s/sm/1/angry.gif]
[turobozperm.ru/.s/sm/1/biggrin.gif]
[turobozperm.ru/.s/sm/1/cool.gif]
[turobozperm.ru/.s/sm/1/cry.gif]
[turobozperm.ru/.s/sm/1/dry.gif]
[turobozperm.ru/.s/sm/1/happy.gif]
[turobozperm.ru/.s/sm/1/sad.gif]
[turobozperm.ru/.s/sm/1/smile.gif]
[turobozperm.ru/.s/sm/1/surprised.gif]
[turobozperm.ru/.s/sm/1/tongue.gif]
[turobozperm.ru/.s/sm/1/wacko.gif]
[turobozperm.ru/.s/sm/1/wink.gif]
[turobozperm.ru/.s/img/ma/refresh.gif]
[turobozperm.ru/secure/index9b28.html]
[turobozperm.ru/.s/img/spamfilter/notspam-active.gif]
[turobozperm.ru/.s/img/spamfilter/notspam.gif]
[turobozperm.ru/gb.html]
[turobozperm.ru/.s/img/wd/1/ajaxs.gif]
[turobozperm.ru/board/ehkskursii_dlja_shkolnikov/indejskaja_derevnja_deti_vetra/1-1-0-129.html]
[turobozperm.ru/_bd/1/48976584.jpg]
[turobozperm.ru/board/ehkskursii_dlja_shkolnikov/ehkskursija_v_muzej_kaski_gorod_lysva_marshrutami_pamjati_i_slavy/1-1-0-114.html]
[turobozperm.ru/_bd/1/34446046.jpg]
[turobozperm.ru/board/ehkskursii_dlja_shkolnikov/master_klass_park_permskogo_perioda/1-1-0-108.html]
[turobozperm.ru/_bd/1/69636402.jpg]
[turobozperm.ru/_bd/1/35279007.jpg]
[turobozperm.ru/board/ehkskursii_dlja_shkolnikov/1/1-1-0-46.html]
[turobozperm.ru/_bd/0/77157880.jpg]
[turobozperm.ru/board/ehkskursii_dlja_shkolnikov/1/1-1-0-34.html]
[turobozperm.ru/_bd/0/60224581.jpg]
[turobozperm.ru/board/ehkskursii_dlja_shkolnikov/1/1-1-0-33.html]
[turobozperm.ru/_bd/0/26042961.jpg]
[turobozperm.ru/board/ehkskursii_dlja_shkolnikov/1/1-1-0-30.html]
[turobozperm.ru/_bd/0/00093698.jpg]
[turobozperm.ru/board/ehkskursii_dlja_shkolnikov/1/1-1-0-29.html]
[turobozperm.ru/_bd/0/33549104.jpg]
[turobozperm.ru/board/ehkskursii_dlja_shkolnikov/1/1-1-0-28.html]
[turobozperm.ru/_bd/0/63944249.jpg]
[turobozperm.ru/board/ehkskursii_dlja_shkolnikov/1/1-1-0-26.html]
[turobozperm.ru/_bd/0/86208632.jpg]
[turobozperm.ru/board/ehkskursii_dlja_shkolnikov/1/1-1-0-24.html]
[turobozperm.ru/_bd/0/53381799.jpg]
[turobozperm.ru/_bd/0/20901007.jpg]
[turobozperm.ru/board/ehkskursii_dlja_shkolnikov/1/1-1-0-19.html]
[turobozperm.ru/_bd/0/28703739.jpg]
[turobozperm.ru/board/ehkskursii_dlja_shkolnikov/1/1-1-0-17.html]
[turobozperm.ru/_bd/0/16352276.jpg]
[turobozperm.ru/board/ehkskursii_dlja_shkolnikov/1/1-1-0-15.html]
[turobozperm.ru/_bd/0/79411603.jpg]
[turobozperm.ru/board/ehkskursii_dlja_shkolnikov/zakulise_ehkskursija_v_teatr/1-1-0-14.html]
[turobozperm.ru/_bd/0/65306692.jpg]
[turobozperm.ru/board/ehkskursii_dlja_shkolnikov/1/1-1-0-10.html]
[turobozperm.ru/_bd/0/84518106.jpg]
[turobozperm.ru/board/ehkskursii_dlja_shkolnikov/1/1-1-0-9.html]
[turobozperm.ru/_bd/0/93347495.jpg]
[turobozperm.ru/board/ehkskursii_dlja_shkolnikov/1/1-1-0-8.html]
[turobozperm.ru/_bd/0/94949054.jpg]
[turobozperm.ru/board/ehkskursii_dlja_shkolnikov/187da.html]
[turobozperm.ru/board/ehkskursii_dlja_shkolnikov/1.html]
[turobozperm.ru/board/1/obzornaja_ehkskursija_po_permi/2-1-0-126.html]
[turobozperm.ru/_bd/1/61503626.jpg]
[turobozperm.ru/board/1/1/2-1-0-36.html]
[turobozperm.ru/_bd/0/54726649.jpg]
[turobozperm.ru/board/1/1/2-1-0-35.html]
[turobozperm.ru/_bd/0/71818578.jpg]
[turobozperm.ru/board/1/1/2-1-0-32.html]
[turobozperm.ru/_bd/0/48439424.jpg]
[turobozperm.ru/board/1/1/2-1-0-31.html]
[turobozperm.ru/_bd/0/83112030.jpg]
[turobozperm.ru/board/1/1/2-1-0-25.html]
[turobozperm.ru/_bd/0/78549623.jpg]
[turobozperm.ru/board/1/1/2-1-0-21.html]
[turobozperm.ru/_bd/0/59729299.png]
[turobozperm.ru/board/1/1/2-1-0-18.html]
[turobozperm.ru/board/1/2.html]
[turobozperm.ru/_bd/0/11682188.jpg]
[turobozperm.ru/board/avtorskie_ehkskursii/perm_kinematograficheskaja_ehkskursija_film_o_permi/3-1-0-75.html]
[turobozperm.ru/_bd/0/98549678.jpg]
[turobozperm.ru/board/avtorskie_ehkskursii/tajny_xx_veka_romanovy_v_permi_film_ehkskursija/3-1-0-74.html]
[turobozperm.ru/_bd/0/08704188.jpg]
[turobozperm.ru/board/avtorskie_ehkskursii/perm_masonskaja_tajnye_znaki_volnykh_kamenshhikov/3-1-0-40.html]
[turobozperm.ru/_bd/0/46781187.jpg]
[turobozperm.ru/board/avtorskie_ehkskursii/1/3-1-0-39.html]
[turobozperm.ru/_bd/0/91532014.jpg]
[turobozperm.ru/board/avtorskie_ehkskursii/1/3-1-0-38.html]
[turobozperm.ru/_bd/0/86137525.jpg]
[turobozperm.ru/board/avtorskie_ehkskursii/1/3-1-0-37.html]
[turobozperm.ru/_bd/0/77284615.jpg]
[turobozperm.ru/board/avtorskie_ehkskursii/3.html]
[turobozperm.ru/_bd/1/71475308.jpg]
[turobozperm.ru/board/prazdnichnye_tury/troickie_guljanija_v_troice_prazdnik_berezki/4-1-0-120.html]
[turobozperm.ru/_bd/1/09181870.jpg]
[turobozperm.ru/board/prazdnichnye_tury/pravoslavnoe_sretene_ehkskursija_po_khramam_na_reke_sylva/4-1-0-112.html]
[turobozperm.ru/_bd/1/29506811.png]
[turobozperm.ru/board/prazdnichnye_tury/tainstvo_rozhdestva_svjatki_da_koljadki_v_kondratovo/4-1-0-110.html]
[turobozperm.ru/_bd/1/70352733.jpg]
[turobozperm.ru/board/prazdnichnye_tury/pisanka_na_kame_paskhalnaja_programma_v_usole/4-1-0-92.html]
[turobozperm.ru/_bd/0/28818380.jpg]
[turobozperm.ru/board/prazdnichnye_tury/provody_russkoj_zimy_v_ocherskom_ostrozhke/4-1-0-90.html]
[turobozperm.ru/_bd/0/83375582.jpg]
[turobozperm.ru/board/prazdnichnye_tury/zolotoe_kolco_usolskogo_rajona_romanovo_usole_orel_gorodok/4-1-0-87.html]
[turobozperm.ru/_bd/0/44865294.jpg]
[turobozperm.ru/board/prazdnichnye_tury/ehkskursija_dlja_nastojashhikh_muzhchin_v_voennyj_gorodok_zvezdnyj/4-1-0-84.html]
[turobozperm.ru/_bd/0/14778700.jpg]
[turobozperm.ru/board/prazdnichnye_tury/1/4-1-0-42.html]
[turobozperm.ru/board/prazdnichnye_tury/4.html]
[turobozperm.ru/_bd/0/67666597.jpg]
[turobozperm.ru/_bd/1/38708306.jpg]
[turobozperm.ru/_bd/1/19367695.jpg]
[turobozperm.ru/_bd/1/34721089.jpg]
[turobozperm.ru/board/1/picca_tur_master_klass_po_izgotovleniju_piccy_v_kafe/5-1-0-123.html]
[turobozperm.ru/_bd/1/93353671.jpg]
[turobozperm.ru/board/1/ehkskursija_na_kungurskie_goncharnye_i_kamnereznye_promysly/5-1-0-122.html]
[turobozperm.ru/_bd/1/83424841.jpg]
[turobozperm.ru/board/1/krasnokamskaja_fabrika_derevjannoj_igrushki/5-1-0-121.html]
[turobozperm.ru/_bd/1/51321529.jpg]
[turobozperm.ru/board/1/master_klassy_po_izgotovleniju_magnitov_iz_gipsa/5-1-0-109.html]
[turobozperm.ru/_bd/1/19356614.jpg]
[turobozperm.ru/_bd/1/50433711.jpg]
[turobozperm.ru/board/1/1/5-1-0-27.html]
[turobozperm.ru/_bd/0/44035979.jpg]
[turobozperm.ru/board/1/1/5-1-0-16.html]
[turobozperm.ru/_bd/0/94443559.jpg]
[turobozperm.ru/board/1/1/5-1-0-11.html]
[turobozperm.ru/_bd/0/36131020.jpg]
[turobozperm.ru/board/1/1/5-1-0-6.html]
[turobozperm.ru/_bd/0/97542879.jpg]
[turobozperm.ru/board/1/5.html]
[turobozperm.ru/board/tury_vykhodnogo_dnja/programma_nyrobskij_uznik/6-1-0-134.html]
[turobozperm.ru/_bd/1/30600109.jpg]
[turobozperm.ru/board/tury_vykhodnogo_dnja/aj_da_ryzhik_ehkskursionnaja_programma/6-1-0-133.html]
[turobozperm.ru/_bd/1/42237004.jpg]
[turobozperm.ru/board/tury_vykhodnogo_dnja/irbit_turinsk_gorjachie_istochniki_akvarel_v_g_turinsk_new/6-1-0-113.html]
[turobozperm.ru/_bd/1/16804381.jpg]
[turobozperm.ru/board/tury_vykhodnogo_dnja/ekaterinburg_gorjachie_istochniki_rezh/6-1-0-111.html]
[turobozperm.ru/_bd/1/67783862.jpg]
[turobozperm.ru/board/tury_vykhodnogo_dnja/kazan_tysjacheletnjaja_svijazhsk_raifskij_monastyr_obzornaja_po_kazani_s_poseshheniem_kazanskogo_kremlja_i_muzeja_1000_letija_kazani/6-1-0-107.html]
[turobozperm.ru/_bd/1/48227468.jpg]
[turobozperm.ru/board/tury_vykhodnogo_dnja/ufa_akvapak_planeta_iz_permi/6-1-0-101.html]
[turobozperm.ru/_bd/1/86631485.jpg]
[turobozperm.ru/board/tury_vykhodnogo_dnja/khlebosolnaja_storonushka_prazdnik_kultury_staroverov_selo_sepych/6-1-0-98.html]
[turobozperm.ru/_bd/0/08760907.jpg]
[turobozperm.ru/board/tury_vykhodnogo_dnja/promyslovskie_rjady_gornozavodsk_poselok_promysla/6-1-0-97.html]
[turobozperm.ru/_bd/0/13997306.jpg]
[turobozperm.ru/board/tury_vykhodnogo_dnja/v_gosti_k_khozjajkam_mednoj_i_ledjanoj_gory_kungurskaja_ledjanaja_peshhera/6-1-0-91.html]
[turobozperm.ru/_bd/0/05859429.jpg]
[turobozperm.ru/board/tury_vykhodnogo_dnja/den_surka_na_ferme_konno_sportivnyj_klub/6-1-0-88.html]
[turobozperm.ru/_bd/0/18023177.jpg]
[turobozperm.ru/board/tury_vykhodnogo_dnja/1/6-1-0-70.html]
[turobozperm.ru/_bd/0/15696771.jpg]
[turobozperm.ru/board/tury_vykhodnogo_dnja/1/6-1-0-60.html]
[turobozperm.ru/_bd/0/06557024.jpg]
[turobozperm.ru/_bd/0/32153627.jpg]
[turobozperm.ru/board/tury_vykhodnogo_dnja/1/6-1-0-3.html]
[turobozperm.ru/_bd/0/37509461.jpg]
[turobozperm.ru/board/tury_vykhodnogo_dnja/1/6-1-0-2.html]
[turobozperm.ru/_bd/0/13171502.jpg]
[turobozperm.ru/board/tury_vykhodnogo_dnja/1/6-1-0-1.html]
[turobozperm.ru/_bd/0/39588658.jpg]
[turobozperm.ru/board/tury_vykhodnogo_dnja/6.html]
[turobozperm.ru/board/ekskursii_po_gorodam_prikam/k_lozhkam_i_piratam_ehkskursija_v_gorod_nytvu_i_posjolok_uralskij/7-1-0-106.html]
[turobozperm.ru/_bd/1/26918382.jpg]
[turobozperm.ru/board/ekskursii_po_gorodam_prikam/kachkanar_i_kolpaki_buddijskij_monastyr/7-1-0-96.html]
[turobozperm.ru/_bd/0/75576130.jpg]
[turobozperm.ru/board/ekskursii_po_gorodam_prikam/usole_mozaika_vremen_g_usole_stroganovskie_palaty_usadba_golicynykh/7-1-0-82.html]
[turobozperm.ru/_bd/0/60733278.jpg]
[turobozperm.ru/board/ekskursii_po_gorodam_prikam/1/7-1-0-22.html]
[turobozperm.ru/_bd/0/04317117.jpg]
[turobozperm.ru/board/ekskursii_po_gorodam_prikam/1/7-1-0-13.html]
[turobozperm.ru/_bd/0/33884635.jpg]
[turobozperm.ru/board/ekskursii_po_gorodam_prikam/1/7-1-0-12.html]
[turobozperm.ru/board/ekskursii_po_gorodam_prikam/7.html]
[turobozperm.ru/_bd/0/84661488.jpg]
[turobozperm.ru/board/ehkskursii_po_svjatym_mestam/kreshhenie_v_verkhnechusovskikh_monastyrjakh/8-1-0-138.html]
[turobozperm.ru/_bd/1/68634787.jpg]
[turobozperm.ru/board/ehkskursii_po_svjatym_mestam/mezhregionalnyj_festival_kolokolnykh_zvonov_i_dukhovnoj_muzyki_zvony_rossii/8-1-0-131.html]
[turobozperm.ru/_bd/1/82901405.jpg]
[turobozperm.ru/board/ehkskursii_po_svjatym_mestam/1/8-1-0-52.html]
[turobozperm.ru/_bd/0/81985913.jpg]
[turobozperm.ru/board/ehkskursii_po_svjatym_mestam/1/8-1-0-51.html]
[turobozperm.ru/_bd/0/02029882.jpg]
[turobozperm.ru/board/ehkskursii_po_svjatym_mestam/1/8-1-0-50.html]
[turobozperm.ru/_bd/0/59551402.jpg]
[turobozperm.ru/board/ehkskursii_po_svjatym_mestam/1/8-1-0-49.html]
[turobozperm.ru/_bd/0/26000306.jpg]
[turobozperm.ru/board/ehkskursii_po_svjatym_mestam/1/8-1-0-48.html]
[turobozperm.ru/_bd/0/89538340.jpg]
[turobozperm.ru/board/ehkskursii_po_svjatym_mestam/1/8-1-0-47.html]
[turobozperm.ru/_bd/0/82943855.jpg]
[turobozperm.ru/board/ehkskursii_po_svjatym_mestam/8.html]
[turobozperm.ru/board/ehkskursii_po_rossii/gelendzhik_iz_permi_2015g_avtobus/9-1-0-119.html]
[turobozperm.ru/_bd/1/06533005.jpg]
[turobozperm.ru/board/ehkskursii_po_rossii/avtobusnye_tury_v_adler_iz_permi_2015/9-1-0-118.html]
[turobozperm.ru/_bd/1/04532884.jpg]
[turobozperm.ru/board/ehkskursii_po_rossii/tury_v_sankt_peterburg_iz_permi_2015g_ehkskursionnye_tury_v_sankt_peterburg/9-1-0-115.html]
[turobozperm.ru/_bd/1/65586400.jpg]
[turobozperm.ru/board/ehkskursii_po_rossii/1/9-1-0-63.html]
[turobozperm.ru/_bd/0/76276805.jpg]
[turobozperm.ru/board/ehkskursii_po_rossii/1/9-1-0-62.html]
[turobozperm.ru/_bd/0/90674467.jpg]
[turobozperm.ru/board/ehkskursii_po_rossii/1/9-1-0-61.html]
[turobozperm.ru/_bd/0/55885927.jpg]
[turobozperm.ru/board/ehkskursii_po_rossii/9.html]
[turobozperm.ru/_bd/1/45982472.jpg]
[turobozperm.ru/_bd/1/33154624.jpg]
[turobozperm.ru/_bd/0/55410116.jpg]
[turobozperm.ru/board/zarubezhnye_tury/1/10-1-0-43.html]
[turobozperm.ru/board/zarubezhnye_tury/10.html]
[turobozperm.ru/news/index.html]
[turobozperm.ru/_bd/0/52900961.jpg]
[turobozperm.ru/board/0-0-0-137-13.html]
[turobozperm.ru/board/1/master_klass_po_izgotovleniju_rybnogo_piroga/5-1-0-137.html]
[turobozperm.ru/board/0-0-0-59-13.html]
[turobozperm.ru/board/tury_vykhodnogo_dnja/1/6-1-0-59.html]
[turobozperm.ru/board/0-0-0-135-13.html]
[turobozperm.ru/board/prazdnichnye_tury/novogodnij_tur_v_velikij_ustjug_iz_permi_na_avtobuse/4-1-0-135.html]
[turobozperm.ru/panel/index3334.html]
[turobozperm.ru/admin/index.html]
[turobozperm.ru/board/0-0-0-20-13.html]
[turobozperm.ru/board/ehkskursii_dlja_shkolnikov/1/1-1-0-20.html]
[turobozperm.ru/board/zarubezhnye_tury/programma_stiljazhnaja_!--.html]
[turobozperm.ru/board/0-0-0-102-13.html]
[turobozperm.ru/board/1/graffiti_master_klass_dlja_detej_i_vzroslykh/5-1-0-102.html]
[turobozperm.ru/board/ehkskursii_dlja_shkolnikov/shlem_batyra_ehkskursija_v_bash_kultaevo/1-1-0-103.html]
[turobozperm.ru/board/0-0-0-103-13.html]
[turobozperm.ru/board/zarubezhnye_tury/trassa_formula_oka_avtodrom/10-1-0-44.html]
[turobozperm.ru/board/1/pizhamnaja_vecherinka_programma_domashnego_ujuta__!--.html]
[turobozperm.ru/news/index87da.html]
[turobozperm.ru/board/0-0-0-44-13.html]
[turobozperm.ru/.s/img/ma/1px.gif]
[turobozperm.ru/.s/src/panel7.css]
[turobozperm.ru/admin.html]
[turobozperm.ru/img/diz/footer.html]
[turobozperm.ru/fonts/iconic_fill.svg]
[turobozperm.ru/fonts/modernpics.html]
[turobozperm.ru/fonts/modernpics.svg]
[turobozperm.ru/.s/img/icons/icon_sel.html]
[turobozperm.ru/.s/img/icon/social/fb.svg]
[turobozperm.ru/.s/img/icon/social/fb-w.svg]
[turobozperm.ru/.s/img/icon/social/vk.svg]
[turobozperm.ru/.s/img/icon/social/vk-w.svg]
[turobozperm.ru/.s/img/icon/social/ya.svg]
[turobozperm.ru/.s/img/icon/social/ya-w.svg]
[turobozperm.ru/.s/img/icon/social/gp.svg]
[turobozperm.ru/.s/img/icon/social/gp-w.svg]
[turobozperm.ru/.s/img/icon/social/tw.svg]
[turobozperm.ru/.s/img/icon/social/tw-w.svg]
[turobozperm.ru/.s/img/icon/social/ok.svg]
[turobozperm.ru/.s/img/icon/social/ok-w.svg]
[turobozperm.ru/.s/img/icon/social/u.svg]
[turobozperm.ru/.s/img/icon/social/u-w.svg]
[turobozperm.ru/.s/img/icon/social/l.svg]
[turobozperm.ru/.s/img/icon/social/l-w.svg]
[turobozperm.ru/board/0-0-0-148-13.html]
[turobozperm.ru/board/0-0-0-147-13.html]
[turobozperm.ru/board/0-0-0-146-13.html]
[turobozperm.ru/board/0-0-0-145-13.html]
[turobozperm.ru/board/0-0-0-144-13.html]
[turobozperm.ru/board/0-0-0-136-13.html]
[turobozperm.ru/board/0-0-0-128-13.html]
[turobozperm.ru/board/index87da.html]
[turobozperm.ru/admin/456.html]
[turobozperm.ru/board/indexdc45.html]
[turobozperm.ru/board/index3883.html]
[turobozperm.ru/board/indexe70f.html]
[turobozperm.ru/board/index6af4.html]
[turobozperm.ru/board/index979a.html]
[turobozperm.ru/board/ehkskursii_dlja_shkolnikov/1/1-1-0-7.html]
[turobozperm.ru/_bd/0/24975158.jpg]
[turobozperm.ru/board/index25d3.html]
[turobozperm.ru/board/ehkskursii_dlja_shkolnikov/1/1-1-0-5.html]
[turobozperm.ru/_bd/0/70765197.jpg]
[turobozperm.ru/board/ehkskursii_dlja_shkolnikov/1/1-1-0-4.html]
[turobozperm.ru/board/indexd633.html]
[turobozperm.ru/_bd/0/96240149.jpg]
[turobozperm.ru/board/0-0-0-143-13.html]
[turobozperm.ru/board/tury_vykhodnogo_dnja/izhevsk_stolica_udmurtii_zoopark/6-1-0-143.html]
[turobozperm.ru/board/0-0-0-142-13.html]
[turobozperm.ru/board/prazdnichnye_tury/mezhdunarodnaja_zhenskaja_maslenica/4-1-0-142.html]
[turobozperm.ru/board/0-0-0-141-13.html]
[turobozperm.ru/board/prazdnichnye_tury/kamennyj_gorod_ryba_kopchenaja_glintvejn_obed_zhenshhinam_besplatno/4-1-0-141.html]
[turobozperm.ru/board/0-0-0-140-13.html]
[turobozperm.ru/board/1/master_klass_francuzskij_pirog_kish/5-1-0-140.html]
[turobozperm.ru/board/0-0-0-139-13.html]
[turobozperm.ru/board/ekskursii_po_gorodam_prikam/kungurskaja_peshhera_podzemnyj_labirint_ili_tajny_starogo_shamana/7-1-0-139.html]
[turobozperm.ru/news/0-0-0-37-10.html]
[turobozperm.ru/news/2016-00.html]
[turobozperm.ru/news/2016-6-16.html]
[turobozperm.ru/news/2016-06.html]
[turobozperm.ru/news/2016-06-16.html]
[turobozperm.ru/news/0-0-0-35-10.html]
[turobozperm.ru/news/2015-02-26.html]
[turobozperm.ru/news/2015-00.html]
[turobozperm.ru/news/2015-12.html]
[turobozperm.ru/news/2015-12-13.html]
[turobozperm.ru/news/2015-04-08.html]
[turobozperm.ru/news/0-0-0-1-10.html]
[turobozperm.ru/news/2013-00.html]
[turobozperm.ru/news/2013-08.html]
[turobozperm.ru/news/1/2013-08-23-1.html]
[turobozperm.ru/news/0-0-0-34-10.html]
[turobozperm.ru/news/2015-11.html]
[turobozperm.ru/news/2015-11-10.html]
[turobozperm.ru/news/0-0-0-33-10.html]
[turobozperm.ru/news/0-0-0-30-10.html]
[turobozperm.ru/news/2013-08-23.html]
[turobozperm.ru/news/2015-04.html]
[turobozperm.ru/news/2015-04-07.html]
[turobozperm.ru/news/2015-4-7.html]
[turobozperm.ru/board/zarubezhnye_tury/programma_stiljazhnaja_vecherinka/10-1-0-105.html]
[turobozperm.ru/board/0-0-0-105-13.html]
[turobozperm.ru/board/zarubezhnye_tury/pizhamnaja_vecherinka_programma_domashnego_ujuta_i_vechernego_nastroenija/10-1-0-104.html]
[turobozperm.ru/news/0-0-0-29-10.html]
[turobozperm.ru/news/0-0-0-27-10.html]
[turobozperm.ru/board/0-0-0-104-13.html]
[turobozperm.ru/news/2015-02.html]
[turobozperm.ru/news/2015-02-11.html]
[turobozperm.ru/news/0-0-0-26-10.html]
[turobozperm.ru/news/2015-2-11.html]
[turobozperm.ru/news/2014-03.html]
[turobozperm.ru/news/2014-03-06.html]
[turobozperm.ru/news/2014-07.html]
[turobozperm.ru/news/2014-00.html]
[turobozperm.ru/news/2014-10.html]
[turobozperm.ru/news/2014-10-20.html]
[turobozperm.ru/news/0-0-0-25-10.html]
[turobozperm.ru/news/2014-07-07.html]
[turobozperm.ru/news/2014-09.html]
[turobozperm.ru/news/2014-09-12.html]
[turobozperm.ru/news/0-0-0-23-10.html]
[turobozperm.ru/news/2014-9-12.html]
[turobozperm.ru/news/2014-06.html]
[turobozperm.ru/news/2014-06-26.html]
[turobozperm.ru/index/index.html]
[turobozperm.ru/news/2014-6-26.html]
[turobozperm.ru/board/ehkskursii_dlja_shkolnikov/indejskaja_derevnja_deti_vetra/1-1-0-129.html]
[turobozperm.ru/board/0-0-0-129-13.html]
[turobozperm.ru/board/0-0-0-114-13.html]
[turobozperm.ru/board/ehkskursii_dlja_shkolnikov/ehkskursija_v_muzej_kaski_gorod_lysva_marshrutami_pamjati_i_slavy/1-1-0-114.html]
[turobozperm.ru/Exkursia_MUZEJ_KASKI.docx]
[turobozperm.ru/board/ehkskursii_dlja_shkolnikov/master_klass_park_permskogo_perioda/1-1-0-108.html]
[turobozperm.ru/board/0-0-0-108-13.html]
[turobozperm.ru/board/ehkskursii_dlja_shkolnikov/1/1-1-0-46.html]
[turobozperm.ru/board/0-0-0-46-13.html]
[turobozperm.ru/board/ehkskursii_dlja_shkolnikov/1/1-1-0-34.html]
[turobozperm.ru/board/0-0-0-34-13.html]
[turobozperm.ru/board/ehkskursii_dlja_shkolnikov/1/1-1-0-33.html]
[turobozperm.ru/board/0-0-0-33-13.html]
[turobozperm.ru/board/ehkskursii_dlja_shkolnikov/1/1-1-0-30.html]
[turobozperm.ru/board/0-0-0-30-13.html]
[turobozperm.ru/board/ehkskursii_dlja_shkolnikov/1/1-1-0-29.html]
[turobozperm.ru/board/0-0-0-29-13.html]
[turobozperm.ru/board/ehkskursii_dlja_shkolnikov/1/1-1-0-28.html]
[turobozperm.ru/board/0-0-0-28-13.html]
[turobozperm.ru/board/ehkskursii_dlja_shkolnikov/1/1-1-0-26.html]
[turobozperm.ru/board/0-0-0-26-13.html]
[turobozperm.ru/board/ehkskursii_dlja_shkolnikov/1/1-1-0-24.html]
[turobozperm.ru/board/0-0-0-24-13.html]
[turobozperm.ru/board/ehkskursii_dlja_shkolnikov/1/1-1-0-19.html]
[turobozperm.ru/board/0-0-0-19-13.html]
[turobozperm.ru/board/ehkskursii_dlja_shkolnikov/1/1-1-0-17.html]
[turobozperm.ru/board/0-0-0-17-13.html]
[turobozperm.ru/board/ehkskursii_dlja_shkolnikov/1/1-1-0-15.html]
[turobozperm.ru/board/0-0-0-15-13.html]
[turobozperm.ru/board/ehkskursii_dlja_shkolnikov/zakulise_ehkskursija_v_teatr/1-1-0-14.html]
[turobozperm.ru/board/0-0-0-14-13.html]
[turobozperm.ru/board/ehkskursii_dlja_shkolnikov/1/1-1-0-10.html]
[turobozperm.ru/board/0-0-0-10-13.html]
[turobozperm.ru/board/ehkskursii_dlja_shkolnikov/1/1-1-0-9.html]
[turobozperm.ru/board/0-0-0-9-13.html]
[turobozperm.ru/board/ehkskursii_dlja_shkolnikov/1/1-1-0-8.html]
[turobozperm.ru/board/ehkskursii_dlja_shkolnikov/187da.html]
[turobozperm.ru/board/0-0-0-8-13.html]
[turobozperm.ru/board/1/obzornaja_ehkskursija_po_permi/2-1-0-126.html]
[turobozperm.ru/board/0-0-0-126-13.html]
[turobozperm.ru/board/1/1/2-1-0-36.html]
[turobozperm.ru/board/0-0-0-36-13.html]
[turobozperm.ru/board/1/1/2-1-0-35.html]
[turobozperm.ru/board/0-0-0-35-13.html]
[turobozperm.ru/board/1/1/2-1-0-32.html]
[turobozperm.ru/board/0-0-0-32-13.html]
[turobozperm.ru/board/1/1/2-1-0-31.html]
[turobozperm.ru/board/0-0-0-31-13.html]
[turobozperm.ru/board/1/1/2-1-0-25.html]
[turobozperm.ru/board/0-0-0-25-13.html]
[turobozperm.ru/board/1/1/2-1-0-21.html]
[turobozperm.ru/board/0-0-0-21-13.html]
[turobozperm.ru/board/1/1/2-1-0-18.html]
[turobozperm.ru/board/0-0-0-18-13.html]
[turobozperm.ru/board/avtorskie_ehkskursii/perm_kinematograficheskaja_ehkskursija_film_o_permi/3-1-0-75.html]
[turobozperm.ru/board/0-0-0-75-13.html]
[turobozperm.ru/board/avtorskie_ehkskursii/tajny_xx_veka_romanovy_v_permi_film_ehkskursija/3-1-0-74.html]
[turobozperm.ru/board/0-0-0-74-13.html]
[turobozperm.ru/board/avtorskie_ehkskursii/perm_masonskaja_tajnye_znaki_volnykh_kamenshhikov/3-1-0-40.html]
[turobozperm.ru/board/0-0-0-40-13.html]
[turobozperm.ru/board/avtorskie_ehkskursii/1/3-1-0-39.html]
[turobozperm.ru/board/0-0-0-39-13.html]
[turobozperm.ru/board/avtorskie_ehkskursii/1/3-1-0-38.html]
[turobozperm.ru/board/0-0-0-38-13.html]
[turobozperm.ru/board/avtorskie_ehkskursii/1/3-1-0-37.html]
[turobozperm.ru/board/0-0-0-37-13.html]
[turobozperm.ru/board/prazdnichnye_tury/troickie_guljanija_v_troice_prazdnik_berezki/4-1-0-120.html]
[turobozperm.ru/board/0-0-0-120-13.html]
[turobozperm.ru/board/prazdnichnye_tury/pravoslavnoe_sretene_ehkskursija_po_khramam_na_reke_sylva/4-1-0-112.html]
[turobozperm.ru/board/0-0-0-112-13.html]
[turobozperm.ru/board/prazdnichnye_tury/tainstvo_rozhdestva_svjatki_da_koljadki_v_kondratovo/4-1-0-110.html]
[turobozperm.ru/board/0-0-0-110-13.html]
[turobozperm.ru/board/prazdnichnye_tury/pisanka_na_kame_paskhalnaja_programma_v_usole/4-1-0-92.html]
[turobozperm.ru/board/0-0-0-92-13.html]
[turobozperm.ru/board/prazdnichnye_tury/provody_russkoj_zimy_v_ocherskom_ostrozhke/4-1-0-90.html]
[turobozperm.ru/board/0-0-0-90-13.html]
[turobozperm.ru/board/prazdnichnye_tury/zolotoe_kolco_usolskogo_rajona_romanovo_usole_orel_gorodok/4-1-0-87.html]
[turobozperm.ru/board/0-0-0-87-13.html]
[turobozperm.ru/board/prazdnichnye_tury/ehkskursija_dlja_nastojashhikh_muzhchin_v_voennyj_gorodok_zvezdnyj/4-1-0-84.html]
[turobozperm.ru/board/0-0-0-84-13.html]
[turobozperm.ru/board/prazdnichnye_tury/1/4-1-0-42.html]
[turobozperm.ru/board/0-0-0-42-13.html]
[turobozperm.ru/board/1/picca_tur_master_klass_po_izgotovleniju_piccy_v_kafe/5-1-0-123.html]
[turobozperm.ru/board/0-0-0-123-13.html]
[turobozperm.ru/board/1/ehkskursija_na_kungurskie_goncharnye_i_kamnereznye_promysly/5-1-0-122.html]
[turobozperm.ru/board/0-0-0-122-13.html]
[turobozperm.ru/board/1/krasnokamskaja_fabrika_derevjannoj_igrushki/5-1-0-121.html]
[turobozperm.ru/board/0-0-0-121-13.html]
[turobozperm.ru/board/1/master_klassy_po_izgotovleniju_magnitov_iz_gipsa/5-1-0-109.html]
[turobozperm.ru/board/0-0-0-109-13.html]
[turobozperm.ru/board/1/1/5-1-0-27.html]
[turobozperm.ru/board/0-0-0-27-13.html]
[turobozperm.ru/board/1/1/5-1-0-16.html]
[turobozperm.ru/board/0-0-0-16-13.html]
[turobozperm.ru/board/1/1/5-1-0-11.html]
[turobozperm.ru/board/0-0-0-11-13.html]
[turobozperm.ru/board/1/1/5-1-0-6.html]
[turobozperm.ru/board/0-0-0-6-13.html]
[turobozperm.ru/board/tury_vykhodnogo_dnja/programma_nyrobskij_uznik/6-1-0-134.html]
[turobozperm.ru/board/0-0-0-134-13.html]
[turobozperm.ru/board/tury_vykhodnogo_dnja/aj_da_ryzhik_ehkskursionnaja_programma/6-1-0-133.html]
[turobozperm.ru/board/0-0-0-133-13.html]
[turobozperm.ru/board/tury_vykhodnogo_dnja/irbit_turinsk_gorjachie_istochniki_akvarel_v_g_turinsk_new/6-1-0-113.html]
[turobozperm.ru/board/0-0-0-113-13.html]
[turobozperm.ru/board/tury_vykhodnogo_dnja/ekaterinburg_gorjachie_istochniki_rezh/6-1-0-111.html]
[turobozperm.ru/board/0-0-0-111-13.html]
[turobozperm.ru/board/tury_vykhodnogo_dnja/kazan_tysjacheletnjaja_svijazhsk_raifskij_monastyr_obzornaja_po_kazani_s_poseshheniem_kazanskogo_kremlja_i_muzeja_1000_letija_kazani/6-1-0-107.html]
[turobozperm.ru/board/0-0-0-107-13.html]
[turobozperm.ru/board/tury_vykhodnogo_dnja/ufa_akvapak_planeta_iz_permi/6-1-0-101.html]
[turobozperm.ru/board/0-0-0-101-13.html]
[turobozperm.ru/board/tury_vykhodnogo_dnja/khlebosolnaja_storonushka_prazdnik_kultury_staroverov_selo_sepych/6-1-0-98.html]
[turobozperm.ru/board/0-0-0-98-13.html]
[turobozperm.ru/board/tury_vykhodnogo_dnja/promyslovskie_rjady_gornozavodsk_poselok_promysla/6-1-0-97.html]
[turobozperm.ru/board/0-0-0-97-13.html]
[turobozperm.ru/board/tury_vykhodnogo_dnja/v_gosti_k_khozjajkam_mednoj_i_ledjanoj_gory_kungurskaja_ledjanaja_peshhera/6-1-0-91.html]
[turobozperm.ru/board/0-0-0-91-13.html]
[turobozperm.ru/board/tury_vykhodnogo_dnja/den_surka_na_ferme_konno_sportivnyj_klub/6-1-0-88.html]
[turobozperm.ru/board/0-0-0-88-13.html]
[turobozperm.ru/board/tury_vykhodnogo_dnja/1/6-1-0-70.html]
[turobozperm.ru/board/0-0-0-70-13.html]
[turobozperm.ru/board/tury_vykhodnogo_dnja/1/6-1-0-60.html]
[turobozperm.ru/board/0-0-0-60-13.html]
[turobozperm.ru/board/tury_vykhodnogo_dnja/1/6-1-0-3.html]
[turobozperm.ru/board/0-0-0-3-13.html]
[turobozperm.ru/board/tury_vykhodnogo_dnja/1/6-1-0-2.html]
[turobozperm.ru/board/0-0-0-2-13.html]
[turobozperm.ru/board/tury_vykhodnogo_dnja/1/6-1-0-1.html]
[turobozperm.ru/board/0-0-0-1-13.html]
[turobozperm.ru/board/ekskursii_po_gorodam_prikam/k_lozhkam_i_piratam_ehkskursija_v_gorod_nytvu_i_posjolok_uralskij/7-1-0-106.html]
[turobozperm.ru/board/0-0-0-106-13.html]
[turobozperm.ru/board/ekskursii_po_gorodam_prikam/kachkanar_i_kolpaki_buddijskij_monastyr/7-1-0-96.html]
[turobozperm.ru/board/0-0-0-96-13.html]
[turobozperm.ru/board/ekskursii_po_gorodam_prikam/usole_mozaika_vremen_g_usole_stroganovskie_palaty_usadba_golicynykh/7-1-0-82.html]
[turobozperm.ru/board/0-0-0-82-13.html]
[turobozperm.ru/board/ekskursii_po_gorodam_prikam/1/7-1-0-22.html]
[turobozperm.ru/board/0-0-0-22-13.html]
[turobozperm.ru/board/ekskursii_po_gorodam_prikam/1/7-1-0-13.html]
[turobozperm.ru/board/0-0-0-13-13.html]
[turobozperm.ru/board/ekskursii_po_gorodam_prikam/1/7-1-0-12.html]
[turobozperm.ru/board/0-0-0-12-13.html]
[turobozperm.ru/board/ehkskursii_po_svjatym_mestam/kreshhenie_v_verkhnechusovskikh_monastyrjakh/8-1-0-138.html]
[turobozperm.ru/board/0-0-0-138-13.html]
[turobozperm.ru/board/ehkskursii_po_svjatym_mestam/mezhregionalnyj_festival_kolokolnykh_zvonov_i_dukhovnoj_muzyki_zvony_rossii/8-1-0-131.html]
[turobozperm.ru/board/0-0-0-131-13.html]
[turobozperm.ru/board/ehkskursii_po_svjatym_mestam/1/8-1-0-52.html]
[turobozperm.ru/board/0-0-0-52-13.html]
[turobozperm.ru/board/ehkskursii_po_svjatym_mestam/1/8-1-0-51.html]
[turobozperm.ru/board/0-0-0-51-13.html]
[turobozperm.ru/board/ehkskursii_po_svjatym_mestam/1/8-1-0-50.html]
[turobozperm.ru/board/0-0-0-50-13.html]
[turobozperm.ru/board/ehkskursii_po_svjatym_mestam/1/8-1-0-49.html]
[turobozperm.ru/board/0-0-0-49-13.html]
[turobozperm.ru/board/ehkskursii_po_svjatym_mestam/1/8-1-0-48.html]
[turobozperm.ru/board/0-0-0-48-13.html]
[turobozperm.ru/board/ehkskursii_po_svjatym_mestam/1/8-1-0-47.html]
[turobozperm.ru/board/0-0-0-47-13.html]
[turobozperm.ru/board/ehkskursii_po_rossii/gelendzhik_iz_permi_2015g_avtobus/9-1-0-119.html]
[turobozperm.ru/board/0-0-0-119-13.html]
[turobozperm.ru/board/ehkskursii_po_rossii/avtobusnye_tury_v_adler_iz_permi_2015/9-1-0-118.html]
[turobozperm.ru/board/0-0-0-118-13.html]
[turobozperm.ru/board/0-0-0-115-13.html]
[turobozperm.ru/vesennie_kanikuly_v_pitere.docx]
[turobozperm.ru/vesennie_kanikuly_v_pitere-3_dnja.docx]
[turobozperm.ru/majskie_prazdniki_v_pitere.docx]
[turobozperm.ru/majskie_prazdniki_v_pitere-5_dnej.docx]
[turobozperm.ru/board/ehkskursii_po_rossii/tury_v_sankt_peterburg_iz_permi_2015g_ehkskursionnye_tury_v_sankt_peterburg/9-1-0-115.html]
[turobozperm.ru/belye_nochi_peterburga_5_dn.docx]
[turobozperm.ru/board/ehkskursii_po_rossii/1/9-1-0-63.html]
[turobozperm.ru/board/0-0-0-63-13.html]
[turobozperm.ru/board/ehkskursii_po_rossii/1/9-1-0-62.html]
[turobozperm.ru/board/0-0-0-62-13.html]
[turobozperm.ru/board/ehkskursii_po_rossii/1/9-1-0-61.html]
[turobozperm.ru/board/0-0-0-61-13.html]
[turobozperm.ru/board/zarubezhnye_tury/1/10-1-0-43.html]
[turobozperm.ru/board/0-0-0-137-13.html]
[turobozperm.ru/board/0-0-0-59-13.html]
[turobozperm.ru/board/0-0-0-135-13.html]
[turobozperm.ru/admin/index.html]
[turobozperm.ru/board/0-0-0-20-13.html]
[turobozperm.ru/board/0-0-0-102-13.html]
[turobozperm.ru/board/0-0-0-103-13.html]
[turobozperm.ru/board/0-0-0-44-13.html]
[turobozperm.ru/board/0-0-0-43-13.html]
[turobozperm.ru/.s/src/panel-v2/fonts/pts55f_w.eot]
[turobozperm.ru/.s/src/panel-v2/fonts/PTS55F_W.woff]
[turobozperm.ru/.s/src/panel-v2/fonts/PTS55F_W.ttf]
[turobozperm.ru/.s/src/panel-v2/fonts/pts75f_w.eot]
[turobozperm.ru/.s/src/panel-v2/fonts/PTS75F_W.woff]
[turobozperm.ru/.s/src/panel-v2/fonts/PTS75F_W.ttf]
[turobozperm.ru/.s/fonts/OpenSans-Regular.224.delayed]
[turobozperm.ru/.s/src/panel-v2/fonts/OpenSans-Regular.woff]
[turobozperm.ru/.s/src/panel-v2/fonts/OpenSans-Regular.ttf]
[turobozperm.ru/.s/src/panel-v2/fonts/OpenSans-Light.eot]
[turobozperm.ru/.s/src/panel-v2/fonts/OpenSans-Light.woff]
[turobozperm.ru/.s/src/panel-v2/fonts/OpenSans-Light.ttf]
[turobozperm.ru/.s/src/(/.s/src/panel-v2/fonts/u-iconse226.eot]
[turobozperm.ru/.s/src/panel-v2/fonts/u-iconsd41d.eot]
[turobozperm.ru/.s/src/panel-v2/fonts/u-iconse226.woff]
[turobozperm.ru/.s/src/panel-v2/fonts/u-iconse226.ttf]
[turobozperm.ru/.s/src/panel-v2/fonts/fontawesome-webfonte0a5.eot]
[turobozperm.ru/.s/src/panel-v2/fonts/fontawesome-webfontd41d.eot]
[turobozperm.ru/.s/src/panel-v2/fonts/fontawesome-webfonte0a5.woff2]
[turobozperm.ru/.s/src/panel-v2/fonts/fontawesome-webfonte0a5.woff]
[turobozperm.ru/.s/src/panel-v2/fonts/fontawesome-webfonte0a5.ttf]
[turobozperm.ru/.s/src/panel-v2/img/icons/i_server.png]
[turobozperm.ru/.s/img/select_double_arrow.png]
[turobozperm.ru/.s/img/ma/ar1.gif]
[turobozperm.ru/.s/img/ma/a2.gif]
[turobozperm.ru/.s/img/wd/7/a1.gif]
[turobozperm.ru/.s/img/icon/si.png]
[turobozperm.ru/.s/img/icon/us.png]
[turobozperm.ru/.s/img/icon/gb.png]
[turobozperm.ru/.s/img/icon/fr.png]
[turobozperm.ru/.s/img/icon/pu.png]
[turobozperm.ru/.s/img/icon/bl.png]
[turobozperm.ru/.s/img/icon/ph.png]
[turobozperm.ru/.s/img/icon/nw.png]
[turobozperm.ru/.s/img/icon/mf.png]
[turobozperm.ru/.s/img/icon/st.png]
[turobozperm.ru/.s/img/icon/po.png]
[turobozperm.ru/.s/img/icon/fq.png]
[turobozperm.ru/.s/img/icon/ld.png]
[turobozperm.ru/.s/img/icon/dr.png]
[turobozperm.ru/.s/img/icon/bd.png]
[turobozperm.ru/.s/img/icon/mc.png]
[turobozperm.ru/.s/img/icon/ts.png]
[turobozperm.ru/.s/img/icon/se.png]
[turobozperm.ru/.s/img/icon/sh.png]
[turobozperm.ru/.s/img/icon/sf.png]
[turobozperm.ru/.s/img/icon/vi.png]
[turobozperm.ru/.s/img/icon/cs.png]
[turobozperm.ru/.s/img/icon/so.png]
[turobozperm.ru/.s/img/icon/ya_feed.png]
[turobozperm.ru/.s/img/wd/7/bul2.gif]
[turobozperm.ru/.s/img/fr/mnAjax.gif]
[turobozperm.ru/.s/src/panel-v2/img/draggable-icon.png]
[turobozperm.ru/.s/img/icon/at.gif]
[turobozperm.ru/.s/t/101/s1.gif]
[turobozperm.ru/.s/t/101/s.gif]
[turobozperm.ru/.s/src/panel-v2/img/icons/loupe.png]
[turobozperm.ru/.s/img/icon/sort.gif]
[turobozperm.ru/.s/img/icon/sortasc.gif]
[turobozperm.ru/.s/img/icon/sortdesc.gif]
[turobozperm.ru/.s/img/seo/warning.png]
[turobozperm.ru/.s/img/seo/plus-minus.png]
[turobozperm.ru/.s/src/panel7.css]
[turobozperm.ru/panel/sub/index.html]
[turobozperm.ru/admin/456.html]
[turobozperm.ru/board/indexe70f.html]
[turobozperm.ru/board/index6af4.html]
[turobozperm.ru/.s/img/we/search.png]
[turobozperm.ru/board/index979a.html]
[turobozperm.ru/board/index25d3.html]
[turobozperm.ru/board/index762e.html]
[turobozperm.ru/board/ehkskursii_dlja_shkolnikov/1/1-1-0-7.html]
[turobozperm.ru/board/index21ed.html]
[turobozperm.ru/board/0-0-0-7-13.html]
[turobozperm.ru/board/ehkskursii_dlja_shkolnikov/1/1-1-0-5.html]
[turobozperm.ru/board/0-0-0-5-13.html]
[turobozperm.ru/board/ehkskursii_dlja_shkolnikov/1/1-1-0-4.html]
[turobozperm.ru/board/0-0-0-143-13.html]
[turobozperm.ru/board/0-0-0-142-13.html]
[turobozperm.ru/board/0-0-0-141-13.html]
[turobozperm.ru/board/0-0-0-140-13.html]
[turobozperm.ru/board/0-0-0-139-13.html]
[turobozperm.ru/news/2016-6-16.html]
[turobozperm.ru/news/2015-02-26.html]
[turobozperm.ru/news/2015-04-08.html]
[turobozperm.ru/news/0-0-0-1-10.html]
[turobozperm.ru/board/0-0-0-4-13.html]
[turobozperm.ru/news/2013-00.html]
[turobozperm.ru/news/2013-08-31.html]
[turobozperm.ru/news/2013-08.html]
[turobozperm.ru/news/2013-08-23.html]
[turobozperm.ru/news/2015-4-7.html]
[turobozperm.ru/board/0-0-0-105-13.html]
[turobozperm.ru/board/0-0-0-104-13.html]
[turobozperm.ru/news/2015-2-11.html]
[turobozperm.ru/news/2014-03.html]
[turobozperm.ru/news/2014-03-06.html]
[turobozperm.ru/news/2014-07.html]
[turobozperm.ru/news/2014-07-07.html]
[turobozperm.ru/news/2014-9-12.html]
[turobozperm.ru/news/2014-6-26.html]
[turobozperm.ru/board/0-0-0-129-13.html]
[turobozperm.ru/board/0-0-0-114-13.html]
[turobozperm.ru/board/0-0-0-108-13.html]
[turobozperm.ru/board/0-0-0-46-13.html]
[turobozperm.ru/board/0-0-0-34-13.html]
[turobozperm.ru/board/0-0-0-33-13.html]
[turobozperm.ru/board/0-0-0-30-13.html]
[turobozperm.ru/board/0-0-0-29-13.html]
[turobozperm.ru/board/0-0-0-28-13.html]
[turobozperm.ru/board/0-0-0-26-13.html]
[turobozperm.ru/board/0-0-0-24-13.html]
[turobozperm.ru/board/0-0-0-19-13.html]
[turobozperm.ru/board/0-0-0-17-13.html]
[turobozperm.ru/board/0-0-0-15-13.html]
[turobozperm.ru/board/0-0-0-14-13.html]
[turobozperm.ru/board/0-0-0-10-13.html]
[turobozperm.ru/board/0-0-0-9-13.html]
[turobozperm.ru/board/0-0-0-8-13.html]
[turobozperm.ru/board/0-0-0-126-13.html]
[turobozperm.ru/board/0-0-0-36-13.html]
[turobozperm.ru/board/0-0-0-35-13.html]
[turobozperm.ru/board/0-0-0-32-13.html]
[turobozperm.ru/board/0-0-0-31-13.html]
[turobozperm.ru/board/0-0-0-25-13.html]
[turobozperm.ru/board/0-0-0-21-13.html]
[turobozperm.ru/board/0-0-0-18-13.html]
[turobozperm.ru/board/0-0-0-75-13.html]
[turobozperm.ru/board/0-0-0-74-13.html]
[turobozperm.ru/board/0-0-0-40-13.html]
[turobozperm.ru/board/0-0-0-39-13.html]
[turobozperm.ru/board/0-0-0-38-13.html]
[turobozperm.ru/board/0-0-0-37-13.html]
[turobozperm.ru/board/0-0-0-120-13.html]
[turobozperm.ru/board/0-0-0-112-13.html]
[turobozperm.ru/board/0-0-0-110-13.html]
[turobozperm.ru/board/0-0-0-92-13.html]
[turobozperm.ru/board/0-0-0-90-13.html]
[turobozperm.ru/board/0-0-0-87-13.html]
[turobozperm.ru/board/0-0-0-84-13.html]
[turobozperm.ru/board/0-0-0-42-13.html]
[turobozperm.ru/board/0-0-0-123-13.html]
[turobozperm.ru/board/0-0-0-122-13.html]
[turobozperm.ru/board/0-0-0-121-13.html]
[turobozperm.ru/board/0-0-0-109-13.html]
[turobozperm.ru/board/0-0-0-27-13.html]
[turobozperm.ru/board/0-0-0-16-13.html]
[turobozperm.ru/board/0-0-0-11-13.html]
[turobozperm.ru/board/0-0-0-6-13.html]
[turobozperm.ru/board/0-0-0-134-13.html]
[turobozperm.ru/board/0-0-0-133-13.html]
[turobozperm.ru/board/0-0-0-113-13.html]
[turobozperm.ru/board/0-0-0-111-13.html]
[turobozperm.ru/board/0-0-0-107-13.html]
[turobozperm.ru/board/0-0-0-101-13.html]
[turobozperm.ru/board/0-0-0-98-13.html]
[turobozperm.ru/board/0-0-0-97-13.html]
[turobozperm.ru/board/0-0-0-91-13.html]
[turobozperm.ru/board/0-0-0-88-13.html]
[turobozperm.ru/board/0-0-0-70-13.html]
[turobozperm.ru/board/0-0-0-60-13.html]
[turobozperm.ru/board/0-0-0-3-13.html]
[turobozperm.ru/board/0-0-0-2-13.html]
[turobozperm.ru/board/0-0-0-1-13.html]
[turobozperm.ru/board/0-0-0-106-13.html]
[turobozperm.ru/board/0-0-0-96-13.html]
[turobozperm.ru/board/0-0-0-82-13.html]
[turobozperm.ru/board/0-0-0-22-13.html]
[turobozperm.ru/board/0-0-0-13-13.html]
[turobozperm.ru/board/0-0-0-12-13.html]
[turobozperm.ru/board/0-0-0-138-13.html]
[turobozperm.ru/board/0-0-0-131-13.html]
[turobozperm.ru/board/0-0-0-52-13.html]
[turobozperm.ru/board/0-0-0-51-13.html]
[turobozperm.ru/board/0-0-0-50-13.html]
[turobozperm.ru/board/0-0-0-49-13.html]
[turobozperm.ru/board/0-0-0-48-13.html]
[turobozperm.ru/board/0-0-0-47-13.html]
[turobozperm.ru/board/0-0-0-119-13.html]
[turobozperm.ru/board/0-0-0-118-13.html]
[turobozperm.ru/board/0-0-0-115-13.html]
[turobozperm.ru/board/0-0-0-63-13.html]
[turobozperm.ru/board/0-0-0-62-13.html]
[turobozperm.ru/board/0-0-0-61-13.html]
[turobozperm.ru/board/0-0-0-43-13.html]
[turobozperm.ru/.s/src/panel-v2/fonts/pts55f_w.html]
[turobozperm.ru/.s/src/panel-v2/fonts/PTS55F_W.svg]
[turobozperm.ru/.s/src/panel-v2/fonts/pts75f_w.html]
[turobozperm.ru/.s/src/panel-v2/fonts/PTS75F_W.svg]
[turobozperm.ru/.s/fonts/OpenSans-Regular.html]
[turobozperm.ru/.s/src/panel-v2/fonts/OpenSans-Regular.svg]
[turobozperm.ru/.s/src/panel-v2/fonts/OpenSans-Light.svg]
[turobozperm.ru/.s/src/(/.s/src/panel-v2/fonts/u-iconse226.html]
[turobozperm.ru/.s/src/panel-v2/fonts/u-iconse226.svg]
[turobozperm.ru/.s/src/panel-v2/fonts/u-icons.svg]
[turobozperm.ru/.s/src/panel-v2/fonts/fontawesome-webfonte0a5.svg]
[turobozperm.ru/.s/img/select_double_arrow.html]
[turobozperm.ru/board/index762e.html]
[turobozperm.ru/board/index21ed.html]
[turobozperm.ru/board/0-0-0-7-13.html]
[turobozperm.ru/board/0-0-0-5-13.html]
[turobozperm.ru/board/0-0-0-4-13.html]
[turobozperm.ru/news/2013-08-31.html]
[turobozperm.ru/news/2013-8-23.html]
[turobozperm.ru/news/2013-8-23.html]
[turobozperm.ru/index/sub/index.html]
